// Jest Snapshot v1, https://goo.gl/fbAQLP

exports[`ProductInfoModal ProductInfoModal Create UI 1`] = `null`;

exports[`ProductInfoModal ProductInfoModal Edit UI 1`] = `null`;
