// Jest Snapshot v1, https://goo.gl/fbAQLP

exports[`ProductList ProductList UI 1`] = `null`;
