// Jest Snapshot v1, https://goo.gl/fbAQLP

exports[`ChangePwModal Member Withdrawal modal correctly 1`] = `null`;

exports[`ChangePwModal password change modal correctly 1`] = `null`;
