// Jest Snapshot v1, https://goo.gl/fbAQLP

exports[`ReleaseNote ReleaseNote modal correctly 1`] = `null`;

exports[`ReleaseNote ReleaseNote modal correctly 2`] = `null`;
