// Jest Snapshot v1, https://goo.gl/fbAQLP

exports[`UserProfile UserProfile Modal UI 1`] = `null`;
